------------------------------ Scenario Screen -------- [1-9]: Change Screen --
  Call rate (length)   Port   Total-time  Total-calls  Remote-host
  30,0(0 ms)/1,000s   5061     120.02 s         3600  192.168.56.10:5060(UDP)

  Call limit 3600 hit, 0,0 s period       0 ms scheduler resolution            
  0 calls (limit 200)                     Peak was 8 calls, after 116 s
  0 Running, 994 Paused, 0 Woken up
  0 dead call msg (discarded)             0 out-of-call msg (discarded)
  0 open sockets                          0/0/0 UDP errors (send/recv/cong)
  0 open sockets                          0/0/0 UDP errors (send/recv/cong)

                                 Messages  Retrans   Timeout   Unexpected-Msg
0 :      INVITE ---------->         3600      0         0                            
1 :         100 <----------         0         0         0         0                  
2 :         401 <----------         3600      0         0         0                  
3 :         ACK ---------->         3600      0                                      
4 :      INVITE ---------->         3600      0         0                            
5 :         100 <----------         3600      0         0         0                  
6 :         180 <----------         0         0         0         0                  
7 :         183 <----------         0         0         0         0                  
8 :         200 <----------  E-RTD1 3600      0         0         0                  
9 :         ACK ---------->         3600      0                                      
10:       Pause [      0ms]         3600                          0        
11:         BYE ---------->         3600      0         0                            
12:         200 <----------         3600      0         0         0                  

Last Error: Overload warning: the minor watchdog timer 500ms has been tr...
------- Waiting for active calls to end. Press [q] again to force exit. -------
----------------------------- Statistics Screen ------- [1-9]: Change Screen --
  Start Time             | 2026-06-02	14:11:25.779109	1780427485.779109         
  Last Reset Time        | 2026-06-02	14:13:25.797612	1780427605.797612         
  Current Time           | 2026-06-02	14:13:25.797897	1780427605.797897         
-------------------------+---------------------------+--------------------------
  Counter Name           | Periodic value            | Cumulative value
-------------------------+---------------------------+--------------------------
  Elapsed Time           | 00:00:00:000000           | 00:00:00:000000          
  Call Rate              |    0,000 cps              |   29,996 cps             
-------------------------+---------------------------+--------------------------
  Incoming calls created |        0                  |        0                 
  Outgoing calls created |        0                  |     3600                 
  Total Calls created    |                           |     3600                 
  Current Calls          |        0                  |                          
-------------------------+---------------------------+--------------------------
  Successful call        |        0                  |     3600                 
  Failed call            |        0                  |        0                 
-------------------------+---------------------------+--------------------------
  Response Time 1        | 00:00:00:000000           | 00:00:00:000000          
  Call Length            | 00:00:00:000000           | 00:00:00:000000          
Last Error: Overload warning: the minor watchdog timer 500ms has been tr...
------- Waiting for active calls to end. Press [q] again to force exit. -------
---------------------------- Repartition Screen ------- [1-9]: Change Screen --
  Average Response Time Repartition 1                                          
             0 ms <= n <         10 ms :       3543
            10 ms <= n <         20 ms :         50
            20 ms <= n <         50 ms :          6
            50 ms <= n <        100 ms :          0
           100 ms <= n <        200 ms :          1
           200 ms <= n <        500 ms :          0
           500 ms <= n <       1000 ms :          0
          1000 ms <= n <       2000 ms :          0
                   n >=       2000 ms :          0
  Average Call Length Repartition                                              
             0 ms <= n <         10 ms :        736
            10 ms <= n <         50 ms :       2862
            50 ms <= n <        100 ms :          0
           100 ms <= n <        500 ms :          2
           500 ms <= n <       1000 ms :          0
          1000 ms <= n <       5000 ms :          0
          5000 ms <= n <      10000 ms :          0
         10000 ms <= n <      30000 ms :          0
                   n >=      30000 ms :          0
Last Error: Overload warning: the minor watchdog timer 500ms has been tr...
------- Waiting for active calls to end. Press [q] again to force exit. -------
