------------------------------ Scenario Screen -------- [1-9]: Change Screen --
  Call rate (length)   Port   Total-time  Total-calls  Remote-host
  25,0(0 ms)/1,000s   5061     120.01 s         3000  192.168.56.10:5060(UDP)

  Call limit 3000 hit, 0,0 s period       0 ms scheduler resolution            
  0 calls (limit 150)                     Peak was 4 calls, after 69 s
  0 Running, 829 Paused, 0 Woken up
  0 dead call msg (discarded)             0 out-of-call msg (discarded)
  0 open sockets                          0/0/0 UDP errors (send/recv/cong)
  0 open sockets                          0/0/0 UDP errors (send/recv/cong)

                                 Messages  Retrans   Timeout   Unexpected-Msg
0 :      INVITE ---------->         3000      0         0                            
1 :         100 <----------         0         0         0         0                  
2 :         401 <----------         3000      0         0         0                  
3 :         ACK ---------->         3000      0                                      
4 :      INVITE ---------->         3000      0         0                            
5 :         100 <----------         3000      0         0         0                  
6 :         180 <----------         0         0         0         0                  
7 :         183 <----------         0         0         0         0                  
8 :         200 <----------  E-RTD1 3000      0         0         0                  
9 :         ACK ---------->         3000      0                                      
10:       Pause [      0ms]         3000                          0        
11:         BYE ---------->         3000      0         0                            
12:         200 <----------         3000      0         0         0                  

------- Waiting for active calls to end. Press [q] again to force exit. -------
----------------------------- Statistics Screen ------- [1-9]: Change Screen --
  Start Time             | 2026-06-02	14:09:15.728116	1780427355.728116         
  Last Reset Time        | 2026-06-02	14:11:15.743096	1780427475.743096         
  Current Time           | 2026-06-02	14:11:15.743945	1780427475.743945         
-------------------------+---------------------------+--------------------------
  Counter Name           | Periodic value            | Cumulative value
-------------------------+---------------------------+--------------------------
  Elapsed Time           | 00:00:00:000000           | 00:00:00:000000          
  Call Rate              |    0,000 cps              |   24,997 cps             
-------------------------+---------------------------+--------------------------
  Incoming calls created |        0                  |        0                 
  Outgoing calls created |        0                  |     3000                 
  Total Calls created    |                           |     3000                 
  Current Calls          |        0                  |                          
-------------------------+---------------------------+--------------------------
  Successful call        |        0                  |     3000                 
  Failed call            |        0                  |        0                 
-------------------------+---------------------------+--------------------------
  Response Time 1        | 00:00:00:000000           | 00:00:00:000000          
  Call Length            | 00:00:00:000000           | 00:00:00:000000          
------- Waiting for active calls to end. Press [q] again to force exit. -------
---------------------------- Repartition Screen ------- [1-9]: Change Screen --
  Average Response Time Repartition 1                                          
             0 ms <= n <         10 ms :       2969
            10 ms <= n <         20 ms :         31
            20 ms <= n <         50 ms :          0
            50 ms <= n <        100 ms :          0
           100 ms <= n <        200 ms :          0
           200 ms <= n <        500 ms :          0
           500 ms <= n <       1000 ms :          0
          1000 ms <= n <       2000 ms :          0
                   n >=       2000 ms :          0
  Average Call Length Repartition                                              
             0 ms <= n <         10 ms :        540
            10 ms <= n <         50 ms :       2459
            50 ms <= n <        100 ms :          0
           100 ms <= n <        500 ms :          1
           500 ms <= n <       1000 ms :          0
          1000 ms <= n <       5000 ms :          0
          5000 ms <= n <      10000 ms :          0
         10000 ms <= n <      30000 ms :          0
                   n >=      30000 ms :          0
------- Waiting for active calls to end. Press [q] again to force exit. -------
