------------------------------ Scenario Screen -------- [1-9]: Change Screen --
  Call rate (length)   Port   Total-time  Total-calls  Remote-host
  5,0(0 ms)/1,000s   5061     120.01 s          600  192.168.56.10:5060(UDP)

  Call limit 600 hit, 184467440737095520  18446744073709551612 ms scheduler res
  0 calls (limit 10)                      Peak was 1 calls, after 0 s
  0 Running, 169 Paused, 0 Woken up
  0 dead call msg (discarded)             0 out-of-call msg (discarded)
  0 open sockets                          0/0/0 UDP errors (send/recv/cong)
  0 Total RTP pckts sent                  0.000 last period RTP rate (kB/s)

                                 Messages  Retrans   Timeout   Unexpected-Msg
0 :      INVITE ---------->         600       0         0                            
1 :         100 <----------         0         0         0         0                  
2 :         401 <----------         600       0         0         0                  
3 :         ACK ---------->         600       0                                      
4 :      INVITE ---------->         600       0         0                            
5 :         100 <----------         600       0         0         0                  
6 :         180 <----------         0         0         0         0                  
7 :         183 <----------         0         0         0         0                  
8 :         200 <----------  E-RTD1 600       0         0         0                  
9 :         ACK ---------->         600       0                                      
10:       Pause [      0ms]         600                           0        
11:         BYE ---------->         600       0         0                            
12:         200 <----------         600       0         0         0                  

Last Error: Overload warning: the minor watchdog timer 500ms has been tr...
------- Waiting for active calls to end. Press [q] again to force exit. -------
----------------------------- Statistics Screen ------- [1-9]: Change Screen --
  Start Time             | 2026-06-02	14:00:35.520609	1780426835.520609         
  Last Reset Time        | 2026-06-02	14:02:35.539567	1780426955.539567         
  Current Time           | 2026-06-02	14:02:35.539701	1780426955.539701         
-------------------------+---------------------------+--------------------------
  Counter Name           | Periodic value            | Cumulative value
-------------------------+---------------------------+--------------------------
  Elapsed Time           | 00:00:00:000000           | 00:00:00:000000          
  Call Rate              |    0,000 cps              |    4,999 cps             
-------------------------+---------------------------+--------------------------
  Incoming calls created |        0                  |        0                 
  Outgoing calls created |        0                  |      600                 
  Total Calls created    |                           |      600                 
  Current Calls          |        0                  |                          
-------------------------+---------------------------+--------------------------
  Successful call        |        0                  |      600                 
  Failed call            |        0                  |        0                 
-------------------------+---------------------------+--------------------------
  Response Time 1        | 00:00:00:000000           | 00:00:00:000000          
  Call Length            | 00:00:00:000000           | 00:00:00:000000          
Last Error: Overload warning: the minor watchdog timer 500ms has been tr...
------- Waiting for active calls to end. Press [q] again to force exit. -------
---------------------------- Repartition Screen ------- [1-9]: Change Screen --
  Average Response Time Repartition 1                                          
             0 ms <= n <         10 ms :        593
            10 ms <= n <         20 ms :          7
            20 ms <= n <         50 ms :          0
            50 ms <= n <        100 ms :          0
           100 ms <= n <        200 ms :          0
           200 ms <= n <        500 ms :          0
           500 ms <= n <       1000 ms :          0
          1000 ms <= n <       2000 ms :          0
                   n >=       2000 ms :          0
  Average Call Length Repartition                                              
             0 ms <= n <         10 ms :         85
            10 ms <= n <         50 ms :        514
            50 ms <= n <        100 ms :          1
           100 ms <= n <        500 ms :          0
           500 ms <= n <       1000 ms :          0
          1000 ms <= n <       5000 ms :          0
          5000 ms <= n <      10000 ms :          0
         10000 ms <= n <      30000 ms :          0
                   n >=      30000 ms :          0
Last Error: Overload warning: the minor watchdog timer 500ms has been tr...
------- Waiting for active calls to end. Press [q] again to force exit. -------
