------------------------------ Scenario Screen -------- [1-9]: Change Screen --
  Call rate (length)   Port   Total-time  Total-calls  Remote-host
  200,0(0 ms)/1,000s   5061      90.01 s        18000  192.168.56.10:5060(UDP)

  Call limit 18000 hit, 1844674407370955  18446744073709551612 ms scheduler res
  0 calls (limit 1500)                    Peak was 9 calls, after 83 s
  0 Running, 6602 Paused, 0 Woken up
  0 dead call msg (discarded)             0 out-of-call msg (discarded)
  0 open sockets                          0/0/0 UDP errors (send/recv/cong)
  0 Total RTP pckts sent                  0.000 last period RTP rate (kB/s)

                                 Messages  Retrans   Timeout   Unexpected-Msg
0 :      INVITE ---------->         18000     0         0                            
1 :         100 <----------         0         0         0         0                  
2 :         401 <----------         18000     0         0         0                  
3 :         ACK ---------->         18000     0                                      
4 :      INVITE ---------->         18000     0         0                            
5 :         100 <----------         18000     0         0         0                  
6 :         180 <----------         0         0         0         0                  
7 :         183 <----------         0         0         0         0                  
8 :         200 <----------  E-RTD1 18000     0         0         0                  
9 :         ACK ---------->         18000     0                                      
10:       Pause [      0ms]         18000                         0        
11:         BYE ---------->         18000     0         0                            
12:         200 <----------         18000     0         0         0                  

Last Error: Maximum number of open sockets (1) plus number of open calls...
------- Waiting for active calls to end. Press [q] again to force exit. -------
----------------------------- Statistics Screen ------- [1-9]: Change Screen --
  Start Time             | 2026-06-02	17:55:06.089558	1780440906.089558         
  Last Reset Time        | 2026-06-02	17:56:36.112323	1780440996.112323         
  Current Time           | 2026-06-02	17:56:36.114269	1780440996.114269         
-------------------------+---------------------------+--------------------------
  Counter Name           | Periodic value            | Cumulative value
-------------------------+---------------------------+--------------------------
  Elapsed Time           | 00:00:00:001000           | 00:00:00:001000          
  Call Rate              |    0,000 cps              |  199,947 cps             
-------------------------+---------------------------+--------------------------
  Incoming calls created |        0                  |        0                 
  Outgoing calls created |        0                  |    18000                 
  Total Calls created    |                           |    18000                 
  Current Calls          |        0                  |                          
-------------------------+---------------------------+--------------------------
  Successful call        |        0                  |    18000                 
  Failed call            |        0                  |        0                 
-------------------------+---------------------------+--------------------------
  Response Time 1        | 00:00:00:000000           | 00:00:00:000000          
  Call Length            | 00:00:00:000000           | 00:00:00:000000          
Last Error: Maximum number of open sockets (1) plus number of open calls...
------- Waiting for active calls to end. Press [q] again to force exit. -------
---------------------------- Repartition Screen ------- [1-9]: Change Screen --
  Average Response Time Repartition 1                                          
             0 ms <= n <         10 ms :      17856
            10 ms <= n <         20 ms :        144
            20 ms <= n <         50 ms :          0
            50 ms <= n <        100 ms :          0
           100 ms <= n <        200 ms :          0
           200 ms <= n <        500 ms :          0
           500 ms <= n <       1000 ms :          0
          1000 ms <= n <       2000 ms :          0
                   n >=       2000 ms :          0
  Average Call Length Repartition                                              
             0 ms <= n <         10 ms :      10238
            10 ms <= n <         50 ms :       7762
            50 ms <= n <        100 ms :          0
           100 ms <= n <        500 ms :          0
           500 ms <= n <       1000 ms :          0
          1000 ms <= n <       5000 ms :          0
          5000 ms <= n <      10000 ms :          0
         10000 ms <= n <      30000 ms :          0
                   n >=      30000 ms :          0
Last Error: Maximum number of open sockets (1) plus number of open calls...
------- Waiting for active calls to end. Press [q] again to force exit. -------
