------------------------------ Scenario Screen -------- [1-9]: Change Screen --
  Call rate (length)   Port   Total-time  Total-calls  Remote-host
  80,0(0 ms)/1,000s   5061      90.01 s         7200  192.168.56.10:5060(UDP)

  Call limit 7200 hit, 18446744073709552  18446744073709551608 ms scheduler res
  0 calls (limit 600)                     Peak was 4 calls, after 73 s
  0 Running, 2644 Paused, 0 Woken up
  0 dead call msg (discarded)             0 out-of-call msg (discarded)
  0 open sockets                          0/0/0 UDP errors (send/recv/cong)
  0 Total RTP pckts sent                  0.000 last period RTP rate (kB/s)

                                 Messages  Retrans   Timeout   Unexpected-Msg
0 :      INVITE ---------->         7200      0         0                            
1 :         100 <----------         0         0         0         0                  
2 :         401 <----------         7200      0         0         0                  
3 :         ACK ---------->         7200      0                                      
4 :      INVITE ---------->         7200      0         0                            
5 :         100 <----------         7200      0         0         0                  
6 :         180 <----------         0         0         0         0                  
7 :         183 <----------         0         0         0         0                  
8 :         200 <----------  E-RTD1 7200      0         0         0                  
9 :         ACK ---------->         7200      0                                      
10:       Pause [      0ms]         7200                          0        
11:         BYE ---------->         7200      0         0                            
12:         200 <----------         7200      0         0         0                  

------- Waiting for active calls to end. Press [q] again to force exit. -------
----------------------------- Statistics Screen ------- [1-9]: Change Screen --
  Start Time             | 2026-06-02	17:48:05.917124	1780440485.917124         
  Last Reset Time        | 2026-06-02	17:49:35.933805	1780440575.933805         
  Current Time           | 2026-06-02	17:49:35.934663	1780440575.934663         
-------------------------+---------------------------+--------------------------
  Counter Name           | Periodic value            | Cumulative value
-------------------------+---------------------------+--------------------------
  Elapsed Time           | 00:00:00:000000           | 00:00:00:000000          
  Call Rate              |    0,000 cps              |   79,985 cps             
-------------------------+---------------------------+--------------------------
  Incoming calls created |        0                  |        0                 
  Outgoing calls created |        0                  |     7200                 
  Total Calls created    |                           |     7200                 
  Current Calls          |        0                  |                          
-------------------------+---------------------------+--------------------------
  Successful call        |        0                  |     7200                 
  Failed call            |        0                  |        0                 
-------------------------+---------------------------+--------------------------
  Response Time 1        | 00:00:00:000000           | 00:00:00:000000          
  Call Length            | 00:00:00:000000           | 00:00:00:000000          
------- Waiting for active calls to end. Press [q] again to force exit. -------
---------------------------- Repartition Screen ------- [1-9]: Change Screen --
  Average Response Time Repartition 1                                          
             0 ms <= n <         10 ms :       7146
            10 ms <= n <         20 ms :         54
            20 ms <= n <         50 ms :          0
            50 ms <= n <        100 ms :          0
           100 ms <= n <        200 ms :          0
           200 ms <= n <        500 ms :          0
           500 ms <= n <       1000 ms :          0
          1000 ms <= n <       2000 ms :          0
                   n >=       2000 ms :          0
  Average Call Length Repartition                                              
             0 ms <= n <         10 ms :       1998
            10 ms <= n <         50 ms :       5202
            50 ms <= n <        100 ms :          0
           100 ms <= n <        500 ms :          0
           500 ms <= n <       1000 ms :          0
          1000 ms <= n <       5000 ms :          0
          5000 ms <= n <      10000 ms :          0
         10000 ms <= n <      30000 ms :          0
                   n >=      30000 ms :          0
------- Waiting for active calls to end. Press [q] again to force exit. -------
